Size of void pointer data type is 4 bytes
Size of int pointer data type is 4 bytes
Size of float pointer data type is 4 bytes
Size of double pointer data type is 4 bytes
Size of char pointer data type is 4 bytes
   text	   data	    bss	    dec	    hex	filename
  14676	   1552	    112	  16340	   3fd4	output/output.exe
Size of void pointer data type is 4 bytes
Size of int pointer data type is 4 bytes
Size of float pointer data type is 4 bytes
Size of double pointer data type is 4 bytes
Size of char pointer data type is 4 bytes
   text	   data	    bss	    dec	    hex	filename
  14668	   1552	    112	  16332	   3fcc	output/output.exe
Size of void pointer data type is 4 bytes
Size of int pointer data type is 4 bytes
Size of float pointer data type is 4 bytes
Size of double pointer data type is 4 bytes
Size of char pointer data type is 4 bytes
   text	   data	    bss	    dec	    hex	filename
  14676	   1552	    112	  16340	   3fd4	output/output.exe
Size of void pointer data type is 4 bytes
Size of int pointer data type is 4 bytes
Size of float pointer data type is 4 bytes
Size of double pointer data type is 4 bytes
Size of char pointer data type is 4 bytes
   text	   data	    bss	    dec	    hex	filename
  14668	   1552	    112	  16332	   3fcc	output/output.exe
