Allocated memory start address: 00924FB8
Reallocated memory start address: 00924FB8
   text	   data	    bss	    dec	    hex	filename
  14604	   1592	    112	  16308	   3fb4	output/output.exe
Allocated memory start's address at: 00734FB8
Value at first block of allocated memory: 10
Value at second block of allocated memory: 20
Reallocated memory start's address at: 00734FB8
   text	   data	    bss	    dec	    hex	filename
  14792	   1592	    112	  16496	   4070	output/output.exe
Allocated memory start's address at: 00B54FB8
Value at first block of allocated memory: 10
Value at second block of allocated memory: 20
Reallocated memory start's address at: 00B54FB8
   text	   data	    bss	    dec	    hex	filename
  14808	   1592	    112	  16512	   4080	output/output.exe
Allocated memory start's address at: 00984FB8
Value at first block of allocated memory: 10
Reallocated memory start's address at: 00984FB8
Value at second block of allocated memory: 20
   text	   data	    bss	    dec	    hex	filename
  14808	   1592	    112	  16512	   4080	output/output.exe
Allocated memory start's address at: 00B74FB8
Value at first block (00B74FB8) of allocated memory: 10
Reallocated memory start's address at: 00B74FB8
Value at second block (00B74FBC) of allocated memory: 20
   text	   data	    bss	    dec	    hex	filename
  14832	   1592	    112	  16536	   4098	output/output.exe
